#
# There is insufficient memory for the Java Runtime Environment to continue.
# Native memory allocation (malloc) failed to allocate 822896 bytes for Chunk::new
# Possible reasons:
#   The system is out of physical RAM or swap space
#   The process is running with CompressedOops enabled, and the Java Heap may be blocking the growth of the native heap
# Possible solutions:
#   Reduce memory load on the system
#   Increase physical memory or swap space
#   Check if swap backing store is full
#   Decrease Java heap size (-Xmx/-Xms)
#   Decrease number of Java threads
#   Decrease Java thread stack sizes (-Xss)
#   Set larger code cache with -XX:ReservedCodeCacheSize=
#   JVM is running with Zero Based Compressed Oops mode in which the Java heap is
#     placed in the first 32GB address space. The Java Heap base address is the
#     maximum limit for the native heap growth. Please use -XX:HeapBaseMinAddress
#     to set the Java Heap base and to place the Java Heap above 32GB virtual address.
# This output file may be truncated or incomplete.
#
#  Out of Memory Error (allocation.cpp:389), pid=37144, tid=0x000000000000e630
#
# JRE version: Java(TM) SE Runtime Environment (8.0_221-b11) (build 1.8.0_221-b11)
# Java VM: Java HotSpot(TM) 64-Bit Server VM (25.221-b11 mixed mode windows-amd64 compressed oops)
# Failed to write core dump. Minidumps are not enabled by default on client versions of Windows
#

---------------  T H R E A D  ---------------

Current thread (0x000000002361e800):  JavaThread "C2 CompilerThread2" daemon [_thread_in_native, id=58928, stack(0x0000000025480000,0x0000000025580000)]

Stack: [0x0000000025480000,0x0000000025580000]
[error occurred during error reporting (printing stack bounds), id 0xc0000005]

Native frames: (J=compiled Java code, j=interpreted, Vv=VM code, C=native code)


Current CompileTask:
C2:  11211 5931  s    4       sun.misc.URLClassPath::getNextLoader (88 bytes)


---------------  P R O C E S S  ---------------

Java Threads: ( => current thread )
  0x00000000361e7800 JavaThread "logback-1" daemon [_thread_blocked, id=81992, stack(0x00000000356a0000,0x00000000357a0000)]
  0x00000000361e2800 JavaThread "Keep-Alive-Timer" daemon [_thread_blocked, id=44904, stack(0x00000000352f0000,0x00000000353f0000)]
  0x00000000309f6000 JavaThread "arthas-timer" daemon [_thread_blocked, id=101140, stack(0x0000000033fa0000,0x00000000340a0000)]
  0x00000000309f3800 JavaThread "pool-1-thread-1" [_thread_blocked, id=64916, stack(0x0000000031b80000,0x0000000031c80000)]
  0x00000000309ef000 JavaThread "Atomikos:1" daemon [_thread_blocked, id=127492, stack(0x000000002b680000,0x000000002b780000)]
  0x0000000028cfd800 JavaThread "JMX server connection timeout 25" daemon [_thread_blocked, id=33376, stack(0x000000002b480000,0x000000002b580000)]
  0x00000000290f5000 JavaThread "RMI Scheduler(0)" daemon [_thread_blocked, id=57460, stack(0x000000002b380000,0x000000002b480000)]
  0x0000000027fbd000 JavaThread "RMI TCP Connection(1)-192.168.52.156" daemon [_thread_in_native, id=105944, stack(0x000000002a0a0000,0x000000002a1a0000)]
  0x0000000028b5f000 JavaThread "RMI TCP Accept-0" daemon [_thread_in_native, id=109396, stack(0x0000000029cf0000,0x0000000029df0000)]
  0x000000002370a800 JavaThread "Service Thread" daemon [_thread_blocked, id=125632, stack(0x0000000025f80000,0x0000000026080000)]
  0x00000000236ac800 JavaThread "C1 CompilerThread11" daemon [_thread_blocked, id=45364, stack(0x0000000025e80000,0x0000000025f80000)]
  0x00000000236b0800 JavaThread "C1 CompilerThread10" daemon [_thread_blocked, id=67792, stack(0x0000000025d80000,0x0000000025e80000)]
  0x0000000023684000 JavaThread "C1 CompilerThread9" daemon [_thread_blocked, id=26644, stack(0x0000000025c80000,0x0000000025d80000)]
  0x0000000023653000 JavaThread "C1 CompilerThread8" daemon [_thread_blocked, id=27432, stack(0x0000000025b80000,0x0000000025c80000)]
  0x0000000023643800 JavaThread "C2 CompilerThread7" daemon [_thread_blocked, id=29280, stack(0x0000000025980000,0x0000000025a80000)]
  0x0000000023642800 JavaThread "C2 CompilerThread6" daemon [_thread_blocked, id=52320, stack(0x0000000025880000,0x0000000025980000)]
  0x0000000023626000 JavaThread "C2 CompilerThread5" daemon [_thread_in_vm, id=41160, stack(0x0000000025780000,0x0000000025880000)]
  0x0000000023625000 JavaThread "C2 CompilerThread4" daemon [_thread_blocked, id=74164, stack(0x0000000025680000,0x0000000025780000)]
  0x000000002361f800 JavaThread "C2 CompilerThread3" daemon [_thread_in_native, id=134544, stack(0x0000000025580000,0x0000000025680000)]
=>0x000000002361e800 JavaThread "C2 CompilerThread2" daemon [_thread_in_native, id=58928, stack(0x0000000025480000,0x0000000025580000)]
  0x000000002361e000 JavaThread "C2 CompilerThread1" daemon [_thread_blocked, id=10360, stack(0x0000000025380000,0x0000000025480000)]
  0x000000002361d000 JavaThread "C2 CompilerThread0" daemon [_thread_in_native, id=50876, stack(0x0000000025280000,0x0000000025380000)]
  0x0000000023617000 JavaThread "Monitor Ctrl-Break" daemon [_thread_in_native, id=11240, stack(0x0000000025180000,0x0000000025280000)]
  0x0000000023542800 JavaThread "IntelliJ Suspend Helper" daemon [_thread_blocked, id=41096, stack(0x0000000025080000,0x0000000025180000)]
  0x00000000234db000 JavaThread "Attach Listener" daemon [_thread_blocked, id=110676, stack(0x0000000024f80000,0x0000000025080000)]
  0x0000000023530000 JavaThread "Signal Dispatcher" daemon [_thread_blocked, id=70848, stack(0x0000000024e80000,0x0000000024f80000)]
  0x0000000021a38800 JavaThread "Finalizer" daemon [_thread_blocked, id=32460, stack(0x0000000024d10000,0x0000000024e10000)]
  0x00000000234b6000 JavaThread "Reference Handler" daemon [_thread_blocked, id=149964, stack(0x0000000024c10000,0x0000000024d10000)]
  0x00000000030f3800 JavaThread "main" [_thread_in_vm, id=44108, stack(0x0000000002e10000,0x0000000002f10000)]

Other Threads:
  0x0000000021a27000 VMThread [stack: 0x0000000024b10000,0x0000000024c10000] [id=104964]
  0x000000002370f000 WatcherThread [stack: 0x0000000026080000,0x0000000026180000] [id=100548]

VM state:not at safepoint (normal execution)

VM Mutex/Monitor currently owned by a thread: None

heap address: 0x0000000644400000, size: 6076 MB, Compressed Oops mode: Zero based, Oop shift amount: 3
Narrow klass base: 0x0000000000000000, Narrow klass shift: 3
Compressed class space size: 1073741824 Address: 0x00000007c0000000

Heap:
 PSYoungGen      total 372736K, used 21333K [0x0000000741700000, 0x0000000766280000, 0x00000007c0000000)
  eden space 361472K, 5% used [0x0000000741700000,0x0000000742bd57f0,0x0000000757800000)
  from space 11264K, 0% used [0x0000000758e00000,0x0000000758e00000,0x0000000759900000)
  to   space 22528K, 0% used [0x0000000757800000,0x0000000757800000,0x0000000758e00000)
 ParOldGen       total 185344K, used 35707K [0x0000000644400000, 0x000000064f900000, 0x0000000741700000)
  object space 185344K, 19% used [0x0000000644400000,0x00000006466dedf8,0x000000064f900000)
 Metaspace       used 56945K, capacity 60356K, committed 60712K, reserved 1101824K
  class space    used 7585K, capacity 8201K, committed 8240K, reserved 1048576K

Card table byte_map: [0x00000000125b0000,0x0000000013190000] byte_map_base: 0x000000000f38e000

Marking Bits: (ParMarkBitMap*) 0x0000000053875ce0
 Begin Bits: [0x0000000014680000, 0x000000001a570000)
 End Bits:   [0x000000001a570000, 0x0000000020460000)

Polling page: 0x00000000011e0000

CodeCache: size=245760Kb used=22010Kb max_used=22357Kb free=223749Kb
 bounds [0x00000000031f0000, 0x0000000004820000, 0x00000000121f0000]
 total_blobs=5660 nmethods=5118 adapters=450
 compilation: enabled

Compilation events (10 events):
Event: 11.173 Thread 0x00000000236b0800 5933       3       java.net.URLStreamHandler::toExternalForm (219 bytes)
Event: 11.175 Thread 0x00000000236b0800 nmethod 5933 0x0000000003d25a90 code [0x0000000003d25de0, 0x0000000003d293e8]
Event: 11.176 Thread 0x0000000023642800 5934       4       java.lang.ClassLoader::loadClass (7 bytes)
Event: 11.176 Thread 0x0000000023642800 nmethod 5934 0x00000000039f6b50 code [0x00000000039f6c80, 0x00000000039f6cf8]
Event: 11.189 Thread 0x000000002361d000 5935  s!   4       sun.misc.URLClassPath::getLoader (243 bytes)
Event: 11.196 Thread 0x00000000236ac800 5936       3       sun.net.util.IPAddressUtil::scan (92 bytes)
Event: 11.197 Thread 0x00000000236ac800 nmethod 5936 0x0000000003659e90 code [0x000000000365a060, 0x000000000365a888]
Event: 11.199 Thread 0x0000000023684000 5937       3       java.net.URLStreamHandler::parseURL (1193 bytes)
Event: 11.204 Thread 0x0000000023684000 nmethod 5937 0x0000000003903dd0 code [0x0000000003904920, 0x000000000390e5e8]
Event: 11.209 Thread 0x000000002361f800 5938       4       sun.reflect.annotation.AnnotationParser::parseMemberValue (162 bytes)

GC Heap History (10 events):
Event: 4.709 GC heap before
{Heap before GC invocations=9 (full 2):
 PSYoungGen      total 205312K, used 10462K [0x0000000741700000, 0x0000000759c80000, 0x00000007c0000000)
  eden space 190464K, 0% used [0x0000000741700000,0x0000000741700000,0x000000074d100000)
  from space 14848K, 70% used [0x000000074d100000,0x000000074db37ad0,0x000000074df80000)
  to   space 14848K, 0% used [0x0000000758e00000,0x0000000758e00000,0x0000000759c80000)
 ParOldGen       total 168448K, used 9308K [0x0000000644400000, 0x000000064e880000, 0x0000000741700000)
  object space 168448K, 5% used [0x0000000644400000,0x0000000644d171b0,0x000000064e880000)
 Metaspace       used 33335K, capacity 35376K, committed 35496K, reserved 1079296K
  class space    used 4375K, capacity 4783K, committed 4784K, reserved 1048576K
Event: 4.742 GC heap after
Heap after GC invocations=9 (full 2):
 PSYoungGen      total 205312K, used 0K [0x0000000741700000, 0x0000000759c80000, 0x00000007c0000000)
  eden space 190464K, 0% used [0x0000000741700000,0x0000000741700000,0x000000074d100000)
  from space 14848K, 0% used [0x000000074d100000,0x000000074d100000,0x000000074df80000)
  to   space 14848K, 0% used [0x0000000758e00000,0x0000000758e00000,0x0000000759c80000)
 ParOldGen       total 185344K, used 16054K [0x0000000644400000, 0x000000064f900000, 0x0000000741700000)
  object space 185344K, 8% used [0x0000000644400000,0x00000006453adb50,0x000000064f900000)
 Metaspace       used 33335K, capacity 35376K, committed 35496K, reserved 1079296K
  class space    used 4375K, capacity 4783K, committed 4784K, reserved 1048576K
}
Event: 5.898 GC heap before
{Heap before GC invocations=10 (full 2):
 PSYoungGen      total 205312K, used 190464K [0x0000000741700000, 0x0000000759c80000, 0x00000007c0000000)
  eden space 190464K, 100% used [0x0000000741700000,0x000000074d100000,0x000000074d100000)
  from space 14848K, 0% used [0x000000074d100000,0x000000074d100000,0x000000074df80000)
  to   space 14848K, 0% used [0x0000000758e00000,0x0000000758e00000,0x0000000759c80000)
 ParOldGen       total 185344K, used 16054K [0x0000000644400000, 0x000000064f900000, 0x0000000741700000)
  object space 185344K, 8% used [0x0000000644400000,0x00000006453adb50,0x000000064f900000)
 Metaspace       used 39150K, capacity 41496K, committed 41640K, reserved 1085440K
  class space    used 5278K, capacity 5711K, committed 5808K, reserved 1048576K
Event: 5.905 GC heap after
Heap after GC invocations=10 (full 2):
 PSYoungGen      total 376832K, used 9892K [0x0000000741700000, 0x0000000759900000, 0x00000007c0000000)
  eden space 365568K, 0% used [0x0000000741700000,0x0000000741700000,0x0000000757c00000)
  from space 11264K, 87% used [0x0000000758e00000,0x00000007597a9158,0x0000000759900000)
  to   space 14848K, 0% used [0x0000000757c00000,0x0000000757c00000,0x0000000758a80000)
 ParOldGen       total 185344K, used 16062K [0x0000000644400000, 0x000000064f900000, 0x0000000741700000)
  object space 185344K, 8% used [0x0000000644400000,0x00000006453afb50,0x000000064f900000)
 Metaspace       used 39150K, capacity 41496K, committed 41640K, reserved 1085440K
  class space    used 5278K, capacity 5711K, committed 5808K, reserved 1048576K
}
Event: 8.553 GC heap before
{Heap before GC invocations=11 (full 2):
 PSYoungGen      total 376832K, used 375460K [0x0000000741700000, 0x0000000759900000, 0x00000007c0000000)
  eden space 365568K, 100% used [0x0000000741700000,0x0000000757c00000,0x0000000757c00000)
  from space 11264K, 87% used [0x0000000758e00000,0x00000007597a9158,0x0000000759900000)
  to   space 14848K, 0% used [0x0000000757c00000,0x0000000757c00000,0x0000000758a80000)
 ParOldGen       total 185344K, used 16062K [0x0000000644400000, 0x000000064f900000, 0x0000000741700000)
  object space 185344K, 8% used [0x0000000644400000,0x00000006453afb50,0x000000064f900000)
 Metaspace       used 48364K, capacity 51418K, committed 51624K, reserved 1093632K
  class space    used 6474K, capacity 7072K, committed 7088K, reserved 1048576K
Event: 8.572 GC heap after
Heap after GC invocations=11 (full 2):
 PSYoungGen      total 380416K, used 14844K [0x0000000741700000, 0x0000000759900000, 0x00000007c0000000)
  eden space 365568K, 0% used [0x0000000741700000,0x0000000741700000,0x0000000757c00000)
  from space 14848K, 99% used [0x0000000757c00000,0x0000000758a7f398,0x0000000758a80000)
  to   space 11264K, 0% used [0x0000000758e00000,0x0000000758e00000,0x0000000759900000)
 ParOldGen       total 185344K, used 20000K [0x0000000644400000, 0x000000064f900000, 0x0000000741700000)
  object space 185344K, 10% used [0x0000000644400000,0x00000006457883e8,0x000000064f900000)
 Metaspace       used 48364K, capacity 51418K, committed 51624K, reserved 1093632K
  class space    used 6474K, capacity 7072K, committed 7088K, reserved 1048576K
}
Event: 10.742 GC heap before
{Heap before GC invocations=12 (full 2):
 PSYoungGen      total 380416K, used 238858K [0x0000000741700000, 0x0000000759900000, 0x00000007c0000000)
  eden space 365568K, 61% used [0x0000000741700000,0x000000074f1c34e8,0x0000000757c00000)
  from space 14848K, 99% used [0x0000000757c00000,0x0000000758a7f398,0x0000000758a80000)
  to   space 11264K, 0% used [0x0000000758e00000,0x0000000758e00000,0x0000000759900000)
 ParOldGen       total 185344K, used 20000K [0x0000000644400000, 0x000000064f900000, 0x0000000741700000)
  object space 185344K, 10% used [0x0000000644400000,0x00000006457883e8,0x000000064f900000)
 Metaspace       used 55636K, capacity 59022K, committed 59160K, reserved 1099776K
  class space    used 7432K, capacity 8064K, committed 8112K, reserved 1048576K
Event: 10.753 GC heap after
Heap after GC invocations=12 (full 2):
 PSYoungGen      total 372736K, used 11241K [0x0000000741700000, 0x0000000766280000, 0x00000007c0000000)
  eden space 361472K, 0% used [0x0000000741700000,0x0000000741700000,0x0000000757800000)
  from space 11264K, 99% used [0x0000000758e00000,0x00000007598fa6e0,0x0000000759900000)
  to   space 22528K, 0% used [0x0000000757800000,0x0000000757800000,0x0000000758e00000)
 ParOldGen       total 185344K, used 32693K [0x0000000644400000, 0x000000064f900000, 0x0000000741700000)
  object space 185344K, 17% used [0x0000000644400000,0x00000006463ed7b0,0x000000064f900000)
 Metaspace       used 55636K, capacity 59022K, committed 59160K, reserved 1099776K
  class space    used 7432K, capacity 8064K, committed 8112K, reserved 1048576K
}
Event: 10.753 GC heap before
{Heap before GC invocations=13 (full 3):
 PSYoungGen      total 372736K, used 11241K [0x0000000741700000, 0x0000000766280000, 0x00000007c0000000)
  eden space 361472K, 0% used [0x0000000741700000,0x0000000741700000,0x0000000757800000)
  from space 11264K, 99% used [0x0000000758e00000,0x00000007598fa6e0,0x0000000759900000)
  to   space 22528K, 0% used [0x0000000757800000,0x0000000757800000,0x0000000758e00000)
 ParOldGen       total 185344K, used 32693K [0x0000000644400000, 0x000000064f900000, 0x0000000741700000)
  object space 185344K, 17% used [0x0000000644400000,0x00000006463ed7b0,0x000000064f900000)
 Metaspace       used 55636K, capacity 59022K, committed 59160K, reserved 1099776K
  class space    used 7432K, capacity 8064K, committed 8112K, reserved 1048576K
Event: 10.897 GC heap after
Heap after GC invocations=13 (full 3):
 PSYoungGen      total 372736K, used 0K [0x0000000741700000, 0x0000000766280000, 0x00000007c0000000)
  eden space 361472K, 0% used [0x0000000741700000,0x0000000741700000,0x0000000757800000)
  from space 11264K, 0% used [0x0000000758e00000,0x0000000758e00000,0x0000000759900000)
  to   space 22528K, 0% used [0x0000000757800000,0x0000000757800000,0x0000000758e00000)
 ParOldGen       total 185344K, used 35707K [0x0000000644400000, 0x000000064f900000, 0x0000000741700000)
  object space 185344K, 19% used [0x0000000644400000,0x00000006466dedf8,0x000000064f900000)
 Metaspace       used 55636K, capacity 59022K, committed 59160K, reserved 1099776K
  class space    used 7432K, capacity 8064K, committed 8112K, reserved 1048576K
}

Deoptimization events (10 events):
Event: 10.217 Thread 0x00000000030f3800 Uncommon trap: reason=unstable_if action=reinterpret pc=0x0000000003dd49b4 method=java.net.URLStreamHandler.toExternalForm(Ljava/net/URL;)Ljava/lang/String; @ 24
Event: 10.236 Thread 0x00000000030f3800 Uncommon trap: reason=predicate action=maybe_recompile pc=0x0000000004663818 method=java.util.TreeMap.put(Ljava/lang/Object;Ljava/lang/Object;)Ljava/lang/Object; @ 132
Event: 10.241 Thread 0x00000000030f3800 Uncommon trap: reason=unstable_if action=reinterpret pc=0x000000000365eedc method=java.lang.CharacterDataLatin1.digit(II)I @ 82
Event: 10.705 Thread 0x00000000030f3800 Uncommon trap: reason=unstable_if action=reinterpret pc=0x000000000439c7c4 method=java.util.Arrays.equals([B[B)Z @ 41
Event: 10.706 Thread 0x00000000030f3800 Uncommon trap: reason=unstable_if action=reinterpret pc=0x0000000003ef2b5c method=java.lang.String.indexOf([CII[CIII)I @ 27
Event: 10.719 Thread 0x00000000030f3800 Uncommon trap: reason=unstable_if action=reinterpret pc=0x0000000003ce9460 method=java.util.ArrayList.toArray([Ljava/lang/Object;)[Ljava/lang/Object; @ 48
Event: 10.719 Thread 0x00000000030f3800 Uncommon trap: reason=unstable_if action=reinterpret pc=0x00000000040099ec method=java.util.EnumSet.typeCheck(Ljava/lang/Enum;)V @ 10
Event: 10.898 Thread 0x00000000234b6000 Uncommon trap: reason=unstable_if action=reinterpret pc=0x0000000003b7ebf0 method=java.lang.ref.Reference.tryHandlePending(Z)Z @ 20
Event: 11.069 Thread 0x00000000030f3800 Uncommon trap: reason=unstable_if action=reinterpret pc=0x000000000397e0c8 method=sun.net.util.IPAddressUtil.scan(Ljava/lang/String;JJ[C)I @ 14
Event: 11.179 Thread 0x00000000030f3800 Uncommon trap: reason=unstable_if action=reinterpret pc=0x00000000044b0408 method=sun.reflect.Reflection.filter([Ljava/lang/reflect/Member;[Ljava/lang/String;)[Ljava/lang/reflect/Member; @ 1

Classes redefined (1 events):
Event: 0.137 Thread 0x0000000021a27000 redefined class name=java.lang.Throwable, count=1

Internal exceptions (10 events):
Event: 9.582 Thread 0x00000000030f3800 Exception <a 'java/lang/ClassNotFoundException': java/lang/ObjectCustomizer> (0x000000074c7685d8) thrown at [C:\re\workspace\8-2-build-windows-amd64-cygwin\jdk8u221\13320\hotspot\src\share\vm\classfile\systemDictionary.cpp, line 210]
Event: 9.583 Thread 0x00000000030f3800 Exception <a 'java/lang/ClassNotFoundException': java/util/AbstractMapCustomizer> (0x000000074c788748) thrown at [C:\re\workspace\8-2-build-windows-amd64-cygwin\jdk8u221\13320\hotspot\src\share\vm\classfile\systemDictionary.cpp, line 210]
Event: 9.584 Thread 0x00000000030f3800 Exception <a 'java/lang/ClassNotFoundException': java/util/HashMapCustomizer> (0x000000074c7af160) thrown at [C:\re\workspace\8-2-build-windows-amd64-cygwin\jdk8u221\13320\hotspot\src\share\vm\classfile\systemDictionary.cpp, line 210]
Event: 9.587 Thread 0x00000000030f3800 Exception <a 'java/lang/ClassNotFoundException': java/util/MapCustomizer> (0x000000074c7e6e78) thrown at [C:\re\workspace\8-2-build-windows-amd64-cygwin\jdk8u221\13320\hotspot\src\share\vm\classfile\systemDictionary.cpp, line 210]
Event: 9.588 Thread 0x00000000030f3800 Exception <a 'java/lang/ClassNotFoundException': java/util/MapCustomizer> (0x000000074c816660) thrown at [C:\re\workspace\8-2-build-windows-amd64-cygwin\jdk8u221\13320\hotspot\src\share\vm\classfile\systemDictionary.cpp, line 210]
Event: 9.601 Thread 0x00000000030f3800 Exception <a 'java/lang/ClassNotFoundException': java/lang/ObjectCustomizer> (0x000000074c88b488) thrown at [C:\re\workspace\8-2-build-windows-amd64-cygwin\jdk8u221\13320\hotspot\src\share\vm\classfile\systemDictionary.cpp, line 210]
Event: 9.602 Thread 0x00000000030f3800 Exception <a 'java/lang/ClassNotFoundException': com/alibaba/arthas/spring/ArthasPropertiesCustomizer> (0x000000074c8de3a0) thrown at [C:\re\workspace\8-2-build-windows-amd64-cygwin\jdk8u221\13320\hotspot\src\share\vm\classfile\systemDictionary.cpp, line 
Event: 9.628 Thread 0x00000000030f3800 Exception <a 'java/lang/reflect/InvocationTargetException'> (0x000000074cad0d30) thrown at [C:\re\workspace\8-2-build-windows-amd64-cygwin\jdk8u221\13320\hotspot\src\share\vm\runtime\reflection.cpp, line 1092]
Event: 9.694 Thread 0x00000000030f3800 Implicit null exception at 0x0000000003653014 to 0x00000000036533f1
Event: 11.065 Thread 0x00000000030f3800 Exception <a 'java/lang/NoSuchMethodError': com.alibaba.arthas.deps.org.slf4j.impl.StaticMDCBinder.getSingleton()Lcom/alibaba/arthas/deps/org/slf4j/impl/StaticMDCBinder;> (0x00000007417bc758) thrown at [C:\re\workspace\8-2-build-windows-amd64-cygwin\jdk8u

Events (10 events):
Event: 11.179 Thread 0x00000000030f3800 DEOPT PACKING pc=0x00000000044b0408 sp=0x0000000002f07fa0
Event: 11.179 Thread 0x00000000030f3800 DEOPT UNPACKING pc=0x000000000323583b sp=0x0000000002f07e48 mode 2
Event: 11.180 loading class sun/misc/VMNotification
Event: 11.180 loading class sun/misc/VMNotification done
Event: 11.180 loading class java/util/concurrent/ThreadLocalRandom
Event: 11.182 loading class java/util/concurrent/ThreadLocalRandom done
Event: 11.183 loading class javax/security/auth/Subject$SecureSet
Event: 11.184 loading class javax/security/auth/Subject$SecureSet done
Event: 11.207 loading class javax/security/auth/login/LoginException
Event: 11.207 loading class javax/security/auth/login/LoginException done


Dynamic libraries:
0x00007ff662da0000 - 0x00007ff662dd7000 	C:\Program Files\Java\jdk1.8.0_221\bin\java.exe
0x00007ff80a5d0000 - 0x00007ff80a7e7000 	C:\Windows\SYSTEM32\ntdll.dll
0x00007ff8091a0000 - 0x00007ff809264000 	C:\Windows\System32\KERNEL32.DLL
0x00007ff807c40000 - 0x00007ff807fe6000 	C:\Windows\System32\KERNELBASE.dll
0x00007ff809830000 - 0x00007ff8098e0000 	C:\Windows\System32\ADVAPI32.dll
0x00007ff809b40000 - 0x00007ff809be7000 	C:\Windows\System32\msvcrt.dll
0x00007ff809a90000 - 0x00007ff809b36000 	C:\Windows\System32\sechost.dll
0x00007ff8087b0000 - 0x00007ff8088c7000 	C:\Windows\System32\RPCRT4.dll
0x00007ff8098e0000 - 0x00007ff809a8d000 	C:\Windows\System32\USER32.dll
0x00007ff808300000 - 0x00007ff808326000 	C:\Windows\System32\win32u.dll
0x00007ff808940000 - 0x00007ff808969000 	C:\Windows\System32\GDI32.dll
0x00007ff8081e0000 - 0x00007ff8082f8000 	C:\Windows\System32\gdi32full.dll
0x00007ff807b30000 - 0x00007ff807bca000 	C:\Windows\System32\msvcp_win.dll
0x00007ff807950000 - 0x00007ff807a61000 	C:\Windows\System32\ucrtbase.dll
0x00007fffed990000 - 0x00007fffedc23000 	C:\Windows\WinSxS\amd64_microsoft.windows.common-controls_6595b64144ccf1df_6.0.22621.2361_none_2712ced57382f843\COMCTL32.dll
0x00007ff809660000 - 0x00007ff809691000 	C:\Windows\System32\IMM32.DLL
0x0000000053900000 - 0x00000000539d2000 	C:\Program Files\Java\jdk1.8.0_221\jre\bin\msvcr100.dll
0x0000000053050000 - 0x00000000538f5000 	C:\Program Files\Java\jdk1.8.0_221\jre\bin\server\jvm.dll
0x00007ff809820000 - 0x00007ff809828000 	C:\Windows\System32\PSAPI.DLL
0x00007fffebb10000 - 0x00007fffebb19000 	C:\Windows\SYSTEM32\WSOCK32.dll
0x00007ff800d60000 - 0x00007ff800d94000 	C:\Windows\SYSTEM32\WINMM.dll
0x00007ffff9280000 - 0x00007ffff928a000 	C:\Windows\SYSTEM32\VERSION.dll
0x00007ff80a4b0000 - 0x00007ff80a521000 	C:\Windows\System32\WS2_32.dll
0x00007fffed2c0000 - 0x00007fffed2cf000 	C:\Program Files\Java\jdk1.8.0_221\jre\bin\verify.dll
0x00007fffe3970000 - 0x00007fffe3999000 	C:\Program Files\Java\jdk1.8.0_221\jre\bin\java.dll
0x00007fffe0b00000 - 0x00007fffe0b23000 	C:\Program Files\Java\jdk1.8.0_221\jre\bin\instrument.dll
0x00007fffe50c0000 - 0x00007fffe50d6000 	C:\Program Files\Java\jdk1.8.0_221\jre\bin\zip.dll
0x00007ff809c40000 - 0x00007ff80a498000 	C:\Windows\System32\SHELL32.dll
0x00007ff8057b0000 - 0x00007ff8060a2000 	C:\Windows\SYSTEM32\windows.storage.dll
0x00007ff808990000 - 0x00007ff808d1a000 	C:\Windows\System32\combase.dll
0x00007ff805670000 - 0x00007ff8057ae000 	C:\Windows\SYSTEM32\wintypes.dll
0x00007ff809300000 - 0x00007ff8093f3000 	C:\Windows\System32\SHCORE.dll
0x00007ff80a530000 - 0x00007ff80a58e000 	C:\Windows\System32\shlwapi.dll
0x00007ff807880000 - 0x00007ff8078a6000 	C:\Windows\SYSTEM32\profapi.dll
0x00007fffe3900000 - 0x00007fffe391a000 	C:\Program Files\Java\jdk1.8.0_221\jre\bin\net.dll
0x00007ffff0500000 - 0x00007ffff06f0000 	C:\Windows\SYSTEM32\urlmon.dll
0x00007ffff9ec0000 - 0x00007ffffa17c000 	C:\Windows\SYSTEM32\iertutil.dll
0x00007ff806510000 - 0x00007ff80651c000 	C:\Windows\SYSTEM32\netutils.dll
0x00007ff8064e0000 - 0x00007ff806509000 	C:\Windows\SYSTEM32\srvcli.dll
0x00007ff806e30000 - 0x00007ff806e99000 	C:\Windows\system32\mswsock.dll
0x00007ff806200000 - 0x00007ff8062f9000 	C:\Windows\SYSTEM32\DNSAPI.dll
0x00007ff8061d0000 - 0x00007ff8061fd000 	C:\Windows\SYSTEM32\IPHLPAPI.DLL
0x00007ff8092f0000 - 0x00007ff8092f9000 	C:\Windows\System32\NSI.dll
0x00007ff802150000 - 0x00007ff80215a000 	C:\Windows\System32\rasadhlp.dll
0x00007ff8021a0000 - 0x00007ff802224000 	C:\Windows\System32\fwpuclnt.dll
0x00007fffeac90000 - 0x00007fffeac9d000 	C:\Program Files\Java\jdk1.8.0_221\jre\bin\management.dll
0x00007fffdbfa0000 - 0x00007fffdbfb2000 	C:\Program Files\Java\jdk1.8.0_221\jre\bin\nio.dll
0x00007ff8071d0000 - 0x00007ff8071eb000 	C:\Windows\SYSTEM32\CRYPTSP.dll
0x00007ff8068b0000 - 0x00007ff8068e5000 	C:\Windows\system32\rsaenh.dll
0x00007ff806ed0000 - 0x00007ff806efc000 	C:\Windows\SYSTEM32\USERENV.dll
0x00007ff807310000 - 0x00007ff807338000 	C:\Windows\SYSTEM32\bcrypt.dll
0x00007ff807ff0000 - 0x00007ff80806a000 	C:\Windows\System32\bcryptprimitives.dll
0x00007ff8071b0000 - 0x00007ff8071bc000 	C:\Windows\SYSTEM32\CRYPTBASE.dll
0x00007ff802130000 - 0x00007ff802149000 	C:\Windows\SYSTEM32\dhcpcsvc6.DLL
0x00007ff802160000 - 0x00007ff80217f000 	C:\Windows\SYSTEM32\dhcpcsvc.DLL
0x00007fffd99e0000 - 0x00007fffd99f7000 	C:\Windows\system32\napinsp.dll
0x00007fffd99c0000 - 0x00007fffd99db000 	C:\Windows\system32\pnrpnsp.dll
0x00007fffd98c0000 - 0x00007fffd98d1000 	C:\Windows\System32\winrnr.dll
0x00007fffd98a0000 - 0x00007fffd98b5000 	C:\Windows\system32\wshbth.dll
0x00007fffd9820000 - 0x00007fffd9841000 	C:\Windows\system32\nlansp_c.dll
0x00007fffeaa20000 - 0x00007fffeaa70000 	C:\Windows\SYSTEM32\pdh.dll
0x00007fffdbf80000 - 0x00007fffdbf91000 	C:\Windows\System32\perfproc.dll
0x00007fffd0790000 - 0x00007fffd07a0000 	C:\Windows\System32\perfos.dll
0x00007ff804d90000 - 0x00007ff804da0000 	C:\Windows\SYSTEM32\pfclient.dll
0x00007fffda9b0000 - 0x00007fffda9d4000 	C:\Program Files\Java\jdk1.8.0_221\jre\bin\sunec.dll
0x00007fffeab40000 - 0x00007fffeab4b000 	C:\Program Files\Java\jdk1.8.0_221\jre\bin\sunmscapi.dll
0x00007ff808070000 - 0x00007ff8081d6000 	C:\Windows\System32\CRYPT32.dll

VM Arguments:
jvm_args: -javaagent:C:\Users\lindejin\AppData\Local\JetBrains\IntelliJIdea2025.2\captureAgent\debugger-agent.jar=file:///C:/Users/lindejin/AppData/Local/Temp/capture15751545354940336140.props -ea -Didea.test.cyclic.buffer.size=1048576 -javaagent:C:\Program Files\JetBrains\IntelliJ IDEA 2025.2\lib\idea_rt.jar=1263 -Dkotlinx.coroutines.debug.enable.creation.stack.trace=false -Ddebugger.agent.enable.coroutines=true -Dkotlinx.coroutines.debug.enable.flows.stack.trace=true -Dkotlinx.coroutines.debug.enable.mutable.state.flows.stack.trace=true -Dfile.encoding=UTF-8 
java_command: com.intellij.rt.junit.JUnitStarter -ideVersion5 -junit5 com.eshop.xiaohongshu.TestXiaohongshuLogisticsCall2,queryEbillOrder
java_class_path (initial): C:\Users\lindejin\AppData\Local\Temp\classpath1561596921.jar;C:\Users\lindejin\AppData\Local\JetBrains\IntelliJIdea2025.2\captureAgent\debugger-agent.jar;C:\Program Files\JetBrains\IntelliJ IDEA 2025.2\lib\idea_rt.jar
Launcher Type: SUN_STANDARD

Environment Variables:
JAVA_HOME=C:\Program Files\Java\jdk1.8.0_221
PATH=C:\Program Files\Java\jdk1.8.0_221\bin;C:\Program Files\Common Files\Oracle\Java\javapath;C:\Program Files (x86)\Common Files\Oracle\Java\javapath;C:\Windows\System32\HWAudioDriver;C:\Windows\system32;C:\Windows;C:\Windows\System32\Wbem;C:\Windows\System32\WindowsPowerShell\v1.0\;C:\Windows\System32\OpenSSH\;C:\Windows\system32\config\systemprofile\AppData\Local\Microsoft\WindowsApps;D:\softWare\Bandizip\;D:\softWare\Redis\;D:\softWare\Git\cmd;D:\softWare\apache-maven-3.6.1\bin;D:\softWare\erl10.4\bin;D:\softWare\node-v16.20.2-win-x64\node-v16.20.2-win-x64;D:\softWare\node-v16.20.2-win-x64\node-v16.20.2-win-x64\node_modules;C:\Users\Public\Macrowing\VDrive\x64;C:\Users\Public\Macrowing\VDrive;C:\ProgramData\chocolatey\bin;C:\Program Files\KeePassXC\;C:\Users\lindejin\AppData\Local\Microsoft\WindowsApps;C:\Users\lindejin\AppData\Local\Programs\Microsoft VS Code\bin;C:\Users\lindejin\AppData\Local\Microsoft\WinGet\Links;
USERNAME=lindejin
OS=Windows_NT
PROCESSOR_IDENTIFIER=Intel64 Family 6 Model 186 Stepping 2, GenuineIntel



---------------  S Y S T E M  ---------------

OS: Windows 10.0 , 64 bit Build 22621 (10.0.22621.2428)

CPU:total 16 (initial active 16) (8 cores per cpu, 2 threads per core) family 6 model 186 stepping 2, cmov, cx8, fxsr, mmx, sse, sse2, sse3, ssse3, sse4.1, sse4.2, popcnt, avx, avx2, aes, clmul, erms, 3dnowpref, lzcnt, ht, tsc, tscinvbit, bmi1, bmi2, adx

Memory: 4k page, physical 24883448k(2932748k free), swap 57651572k(5200k free)

vm_info: Java HotSpot(TM) 64-Bit Server VM (25.221-b11) for windows-amd64 JRE (1.8.0_221-b11), built on Jul  4 2019 04:39:29 by "java_re" with MS VC++ 10.0 (VS2010)

time: Thu Jan 29 11:03:55 2026
timezone: 中国标准时间
elapsed time: 11 seconds (0d 0h 0m 11s)

